RAM Allocation [bytes]
Variable                                                                          Address   Size
------------------------------------------------------------------------------------------------
rx_buffer0                                                                        0x0300      43
rcon                                                                              0x032B      10

EEPROM Allocation [bytes]
Variable                                                                          Address   Size
------------------------------------------------------------------------------------------------

Register Allocation
Variable                                                                          Register  Size
------------------------------------------------------------------------------------------------
rx_wr_index0                                                                      R4           1
rx_rd_index0                                                                      R3           1
rx_counter0                                                                       R6           1
rx_buffer_overflow0                                                               GPIOR0.0  1bit

FLASH Allocation [words]
Function                                                                          Address   Size
------------------------------------------------------------------------------------------------
usart_rx_isr                                                                      0x0012F     36
getchar                                                                           0x00153     19
main                                                                              0x00166    317
Expankey                                                                          0x002A3    121
AddRoundKey                                                                       0x0031C     29
Encrypt                                                                           0x00339     92
SubBytes                                                                          0x00395     25
MixColumns                                                                        0x003AE    261
ShiftRows                                                                         0x004B3    102
putchar                                                                           0x00519     10
put_usart_G100                                                                    0x00523     13
_print_G100                                                                       0x00530    308
printf                                                                            0x00664     37
strlen                                                                            0x00689     12
strlenf                                                                           0x00695     13
